// Jest Snapshot v1, https://goo.gl/fbAQLP

exports[`FolderUploadComponent Should match existing snapshot when no props are provided. 1`] = `
<SidebarPushable>
  <Sidebar
    direction="left"
  >
    <Dropzone>
      <Component />
    </Dropzone>
  </Sidebar>
</SidebarPushable>
`;
