// Jest Snapshot v1, https://goo.gl/fbAQLP

exports[`ContactMapSitePage Should match existing snapshot when no props are provided. 1`] = `
<Connect(ConnectedRouterWithContext)
  history={
    Object {
      "action": "POP",
      "block": [Function],
      "createHref": [Function],
      "go": [Function],
      "goBack": [Function],
      "goForward": [Function],
      "length": 1,
      "listen": [Function],
      "location": Object {
        "hash": "",
        "pathname": "/",
        "search": "",
        "state": undefined,
      },
      "push": [Function],
      "replace": [Function],
    }
  }
>
  <Container
    fluid={true}
    id="ContactMapSitePage"
  >
    <Connect(UnconnectedSiteHeader) />
    <Switch>
      <Route
        path="/manuscript"
        render={[Function]}
      />
      <Route
        exact={true}
        path="/"
        render={[Function]}
      />
    </Switch>
  </Container>
</Connect(ConnectedRouterWithContext)>
`;
