// Jest Snapshot v1, https://goo.gl/fbAQLP

exports[`ManuscriptPage Should match existing snapshot when no props are provided. 1`] = `
<div>
  Here there be manuscripts
</div>
`;
